// Jest Snapshot v1, https://goo.gl/fbAQLP

exports[`Testing FuelRefillItem Renders as expected 1`] = `
ShallowWrapper {
  "length": 1,
  Symbol(enzyme.__root__): [Circular],
  Symbol(enzyme.__unrendered__): <FuelRefillItem
    deleteItem={[Function]}
  />,
  Symbol(enzyme.__renderer__): Object {
    "batchedUpdates": [Function],
    "getNode": [Function],
    "render": [Function],
    "simulateEvent": [Function],
    "unmount": [Function],
  },
  Symbol(enzyme.__node__): Object {
    "instance": null,
    "key": undefined,
    "nodeType": "class",
    "props": Object {
      "children": Array [
        <View
          style={
            Object {
              "alignSelf": "center",
              "flexDirection": "column",
            }
          }
        >
          <Text
            accessible={true}
            allowFontScaling={true}
            ellipsizeMode="tail"
            style={
              Object {
                "alignSelf": "flex-start",
                "color": "white",
              }
            }
          >
             
            NaN
            . 
          </Text>
          <Text
            accessible={true}
            allowFontScaling={true}
            ellipsizeMode="tail"
            style={
              Object {
                "alignSelf": "flex-start",
                "color": "white",
              }
            }
          >
            kl. 
            0NaN
            :
            0NaN
          </Text>
        </View>,
        <Text
          accessible={true}
          allowFontScaling={true}
          ellipsizeMode="tail"
          style={
            Object {
              "alignSelf": "center",
              "color": "white",
              "fontSize": 20,
            }
          }
        >
           kr @ 
           kr/l
        </Text>,
        <Styled(Button)
          light={true}
          onPress={[Function]}
          style={
            Object {
              "paddingLeft": 10,
              "paddingRight": 10,
            }
          }
          virtual={undefined}
        >
          <Text
            accessible={true}
            allowFontScaling={true}
            ellipsizeMode="tail"
          >
            slett
          </Text>
        </Styled(Button)>,
      ],
      "style": Object {
        "flex": 1,
        "flexDirection": "row",
        "justifyContent": "space-between",
        "margin": 15,
      },
    },
    "ref": null,
    "rendered": Array [
      Object {
        "instance": null,
        "key": undefined,
        "nodeType": "class",
        "props": Object {
          "children": Array [
            <Text
              accessible={true}
              allowFontScaling={true}
              ellipsizeMode="tail"
              style={
                Object {
                  "alignSelf": "flex-start",
                  "color": "white",
                }
              }
            >
               
              NaN
              . 
            </Text>,
            <Text
              accessible={true}
              allowFontScaling={true}
              ellipsizeMode="tail"
              style={
                Object {
                  "alignSelf": "flex-start",
                  "color": "white",
                }
              }
            >
              kl. 
              0NaN
              :
              0NaN
            </Text>,
          ],
          "style": Object {
            "alignSelf": "center",
            "flexDirection": "column",
          },
        },
        "ref": null,
        "rendered": Array [
          Object {
            "instance": null,
            "key": undefined,
            "nodeType": "class",
            "props": Object {
              "accessible": true,
              "allowFontScaling": true,
              "children": Array [
                undefined,
                " ",
                NaN,
                ". ",
                undefined,
              ],
              "ellipsizeMode": "tail",
              "style": Object {
                "alignSelf": "flex-start",
                "color": "white",
              },
            },
            "ref": null,
            "rendered": Array [
              undefined,
              " ",
              NaN,
              ". ",
              undefined,
            ],
            "type": [Function],
          },
          Object {
            "instance": null,
            "key": undefined,
            "nodeType": "class",
            "props": Object {
              "accessible": true,
              "allowFontScaling": true,
              "children": Array [
                "kl. ",
                "0NaN",
                ":",
                "0NaN",
              ],
              "ellipsizeMode": "tail",
              "style": Object {
                "alignSelf": "flex-start",
                "color": "white",
              },
            },
            "ref": null,
            "rendered": Array [
              "kl. ",
              "0NaN",
              ":",
              "0NaN",
            ],
            "type": [Function],
          },
        ],
        "type": [Function],
      },
      Object {
        "instance": null,
        "key": undefined,
        "nodeType": "class",
        "props": Object {
          "accessible": true,
          "allowFontScaling": true,
          "children": Array [
            undefined,
            " kr @ ",
            undefined,
            " kr/l",
          ],
          "ellipsizeMode": "tail",
          "style": Object {
            "alignSelf": "center",
            "color": "white",
            "fontSize": 20,
          },
        },
        "ref": null,
        "rendered": Array [
          undefined,
          " kr @ ",
          undefined,
          " kr/l",
        ],
        "type": [Function],
      },
      Object {
        "instance": null,
        "key": undefined,
        "nodeType": "class",
        "props": Object {
          "children": <Text
            accessible={true}
            allowFontScaling={true}
            ellipsizeMode="tail"
          >
            slett
          </Text>,
          "light": true,
          "onPress": [Function],
          "style": Object {
            "paddingLeft": 10,
            "paddingRight": 10,
          },
          "virtual": undefined,
        },
        "ref": null,
        "rendered": Object {
          "instance": null,
          "key": undefined,
          "nodeType": "class",
          "props": Object {
            "accessible": true,
            "allowFontScaling": true,
            "children": "slett",
            "ellipsizeMode": "tail",
          },
          "ref": null,
          "rendered": "slett",
          "type": [Function],
        },
        "type": [Function],
      },
    ],
    "type": [Function],
  },
  Symbol(enzyme.__nodes__): Array [
    Object {
      "instance": null,
      "key": undefined,
      "nodeType": "class",
      "props": Object {
        "children": Array [
          <View
            style={
              Object {
                "alignSelf": "center",
                "flexDirection": "column",
              }
            }
          >
            <Text
              accessible={true}
              allowFontScaling={true}
              ellipsizeMode="tail"
              style={
                Object {
                  "alignSelf": "flex-start",
                  "color": "white",
                }
              }
            >
               
              NaN
              . 
            </Text>
            <Text
              accessible={true}
              allowFontScaling={true}
              ellipsizeMode="tail"
              style={
                Object {
                  "alignSelf": "flex-start",
                  "color": "white",
                }
              }
            >
              kl. 
              0NaN
              :
              0NaN
            </Text>
          </View>,
          <Text
            accessible={true}
            allowFontScaling={true}
            ellipsizeMode="tail"
            style={
              Object {
                "alignSelf": "center",
                "color": "white",
                "fontSize": 20,
              }
            }
          >
             kr @ 
             kr/l
          </Text>,
          <Styled(Button)
            light={true}
            onPress={[Function]}
            style={
              Object {
                "paddingLeft": 10,
                "paddingRight": 10,
              }
            }
            virtual={undefined}
          >
            <Text
              accessible={true}
              allowFontScaling={true}
              ellipsizeMode="tail"
            >
              slett
            </Text>
          </Styled(Button)>,
        ],
        "style": Object {
          "flex": 1,
          "flexDirection": "row",
          "justifyContent": "space-between",
          "margin": 15,
        },
      },
      "ref": null,
      "rendered": Array [
        Object {
          "instance": null,
          "key": undefined,
          "nodeType": "class",
          "props": Object {
            "children": Array [
              <Text
                accessible={true}
                allowFontScaling={true}
                ellipsizeMode="tail"
                style={
                  Object {
                    "alignSelf": "flex-start",
                    "color": "white",
                  }
                }
              >
                 
                NaN
                . 
              </Text>,
              <Text
                accessible={true}
                allowFontScaling={true}
                ellipsizeMode="tail"
                style={
                  Object {
                    "alignSelf": "flex-start",
                    "color": "white",
                  }
                }
              >
                kl. 
                0NaN
                :
                0NaN
              </Text>,
            ],
            "style": Object {
              "alignSelf": "center",
              "flexDirection": "column",
            },
          },
          "ref": null,
          "rendered": Array [
            Object {
              "instance": null,
              "key": undefined,
              "nodeType": "class",
              "props": Object {
                "accessible": true,
                "allowFontScaling": true,
                "children": Array [
                  undefined,
                  " ",
                  NaN,
                  ". ",
                  undefined,
                ],
                "ellipsizeMode": "tail",
                "style": Object {
                  "alignSelf": "flex-start",
                  "color": "white",
                },
              },
              "ref": null,
              "rendered": Array [
                undefined,
                " ",
                NaN,
                ". ",
                undefined,
              ],
              "type": [Function],
            },
            Object {
              "instance": null,
              "key": undefined,
              "nodeType": "class",
              "props": Object {
                "accessible": true,
                "allowFontScaling": true,
                "children": Array [
                  "kl. ",
                  "0NaN",
                  ":",
                  "0NaN",
                ],
                "ellipsizeMode": "tail",
                "style": Object {
                  "alignSelf": "flex-start",
                  "color": "white",
                },
              },
              "ref": null,
              "rendered": Array [
                "kl. ",
                "0NaN",
                ":",
                "0NaN",
              ],
              "type": [Function],
            },
          ],
          "type": [Function],
        },
        Object {
          "instance": null,
          "key": undefined,
          "nodeType": "class",
          "props": Object {
            "accessible": true,
            "allowFontScaling": true,
            "children": Array [
              undefined,
              " kr @ ",
              undefined,
              " kr/l",
            ],
            "ellipsizeMode": "tail",
            "style": Object {
              "alignSelf": "center",
              "color": "white",
              "fontSize": 20,
            },
          },
          "ref": null,
          "rendered": Array [
            undefined,
            " kr @ ",
            undefined,
            " kr/l",
          ],
          "type": [Function],
        },
        Object {
          "instance": null,
          "key": undefined,
          "nodeType": "class",
          "props": Object {
            "children": <Text
              accessible={true}
              allowFontScaling={true}
              ellipsizeMode="tail"
            >
              slett
            </Text>,
            "light": true,
            "onPress": [Function],
            "style": Object {
              "paddingLeft": 10,
              "paddingRight": 10,
            },
            "virtual": undefined,
          },
          "ref": null,
          "rendered": Object {
            "instance": null,
            "key": undefined,
            "nodeType": "class",
            "props": Object {
              "accessible": true,
              "allowFontScaling": true,
              "children": "slett",
              "ellipsizeMode": "tail",
            },
            "ref": null,
            "rendered": "slett",
            "type": [Function],
          },
          "type": [Function],
        },
      ],
      "type": [Function],
    },
  ],
  Symbol(enzyme.__options__): Object {
    "adapter": ReactSixteenAdapter {
      "options": Object {
        "enableComponentDidUpdateOnSetState": true,
      },
    },
    "context": Object {
      "store": Object {
        "clearActions": [Function],
        "dispatch": [Function],
        "getActions": [Function],
        "getState": [Function],
        "replaceReducer": [Function],
        "subscribe": [Function],
      },
    },
  },
}
`;
