// Jest Snapshot v1, https://goo.gl/fbAQLP

exports[`Testing FuelRefillScreen Renders as expected 1`] = `
ShallowWrapper {
  "length": 1,
  Symbol(enzyme.__root__): [Circular],
  Symbol(enzyme.__unrendered__): <FuelRefillScreen
    getItems={[Function]}
    register={[Function]}
  />,
  Symbol(enzyme.__renderer__): Object {
    "batchedUpdates": [Function],
    "getNode": [Function],
    "render": [Function],
    "simulateEvent": [Function],
    "unmount": [Function],
  },
  Symbol(enzyme.__node__): Object {
    "instance": null,
    "key": undefined,
    "nodeType": "class",
    "props": Object {
      "children": <View
        style={
          Object {
            "flex": 2,
          }
        }
      >
        <Styled(Button)
          light={true}
          onPress={[Function]}
          style={
            Object {
              "alignSelf": "center",
              "marginBottom": 15,
              "paddingLeft": 15,
              "paddingRight": 15,
            }
          }
          virtual={undefined}
        >
          <Text
            accessible={true}
            allowFontScaling={true}
            ellipsizeMode="tail"
          >
            Registrer
          </Text>
        </Styled(Button)>
        <Styled(Content)
          contentContainerStyle={
            Object {
              "backgroundColor": "#002776",
              "flex": 3,
              "justifyContent": "flex-start",
            }
          }
          virtual={undefined}
        >
          <Connect(FuelRefillList) />
        </Styled(Content)>
      </View>,
      "style": Object {
        "backgroundColor": "#002776",
        "flex": 1,
      },
    },
    "ref": null,
    "rendered": Object {
      "instance": null,
      "key": undefined,
      "nodeType": "class",
      "props": Object {
        "children": Array [
          <Styled(Button)
            light={true}
            onPress={[Function]}
            style={
              Object {
                "alignSelf": "center",
                "marginBottom": 15,
                "paddingLeft": 15,
                "paddingRight": 15,
              }
            }
            virtual={undefined}
          >
            <Text
              accessible={true}
              allowFontScaling={true}
              ellipsizeMode="tail"
            >
              Registrer
            </Text>
          </Styled(Button)>,
          <Styled(Content)
            contentContainerStyle={
              Object {
                "backgroundColor": "#002776",
                "flex": 3,
                "justifyContent": "flex-start",
              }
            }
            virtual={undefined}
          >
            <Connect(FuelRefillList) />
          </Styled(Content)>,
        ],
        "style": Object {
          "flex": 2,
        },
      },
      "ref": null,
      "rendered": Array [
        Object {
          "instance": null,
          "key": undefined,
          "nodeType": "class",
          "props": Object {
            "children": <Text
              accessible={true}
              allowFontScaling={true}
              ellipsizeMode="tail"
            >
              Registrer
            </Text>,
            "light": true,
            "onPress": [Function],
            "style": Object {
              "alignSelf": "center",
              "marginBottom": 15,
              "paddingLeft": 15,
              "paddingRight": 15,
            },
            "virtual": undefined,
          },
          "ref": null,
          "rendered": Object {
            "instance": null,
            "key": undefined,
            "nodeType": "class",
            "props": Object {
              "accessible": true,
              "allowFontScaling": true,
              "children": "Registrer",
              "ellipsizeMode": "tail",
            },
            "ref": null,
            "rendered": "Registrer",
            "type": [Function],
          },
          "type": [Function],
        },
        Object {
          "instance": null,
          "key": undefined,
          "nodeType": "class",
          "props": Object {
            "children": <Connect(FuelRefillList) />,
            "contentContainerStyle": Object {
              "backgroundColor": "#002776",
              "flex": 3,
              "justifyContent": "flex-start",
            },
            "virtual": undefined,
          },
          "ref": null,
          "rendered": Object {
            "instance": null,
            "key": undefined,
            "nodeType": "class",
            "props": Object {},
            "ref": null,
            "rendered": null,
            "type": [Function],
          },
          "type": [Function],
        },
      ],
      "type": [Function],
    },
    "type": [Function],
  },
  Symbol(enzyme.__nodes__): Array [
    Object {
      "instance": null,
      "key": undefined,
      "nodeType": "class",
      "props": Object {
        "children": <View
          style={
            Object {
              "flex": 2,
            }
          }
        >
          <Styled(Button)
            light={true}
            onPress={[Function]}
            style={
              Object {
                "alignSelf": "center",
                "marginBottom": 15,
                "paddingLeft": 15,
                "paddingRight": 15,
              }
            }
            virtual={undefined}
          >
            <Text
              accessible={true}
              allowFontScaling={true}
              ellipsizeMode="tail"
            >
              Registrer
            </Text>
          </Styled(Button)>
          <Styled(Content)
            contentContainerStyle={
              Object {
                "backgroundColor": "#002776",
                "flex": 3,
                "justifyContent": "flex-start",
              }
            }
            virtual={undefined}
          >
            <Connect(FuelRefillList) />
          </Styled(Content)>
        </View>,
        "style": Object {
          "backgroundColor": "#002776",
          "flex": 1,
        },
      },
      "ref": null,
      "rendered": Object {
        "instance": null,
        "key": undefined,
        "nodeType": "class",
        "props": Object {
          "children": Array [
            <Styled(Button)
              light={true}
              onPress={[Function]}
              style={
                Object {
                  "alignSelf": "center",
                  "marginBottom": 15,
                  "paddingLeft": 15,
                  "paddingRight": 15,
                }
              }
              virtual={undefined}
            >
              <Text
                accessible={true}
                allowFontScaling={true}
                ellipsizeMode="tail"
              >
                Registrer
              </Text>
            </Styled(Button)>,
            <Styled(Content)
              contentContainerStyle={
                Object {
                  "backgroundColor": "#002776",
                  "flex": 3,
                  "justifyContent": "flex-start",
                }
              }
              virtual={undefined}
            >
              <Connect(FuelRefillList) />
            </Styled(Content)>,
          ],
          "style": Object {
            "flex": 2,
          },
        },
        "ref": null,
        "rendered": Array [
          Object {
            "instance": null,
            "key": undefined,
            "nodeType": "class",
            "props": Object {
              "children": <Text
                accessible={true}
                allowFontScaling={true}
                ellipsizeMode="tail"
              >
                Registrer
              </Text>,
              "light": true,
              "onPress": [Function],
              "style": Object {
                "alignSelf": "center",
                "marginBottom": 15,
                "paddingLeft": 15,
                "paddingRight": 15,
              },
              "virtual": undefined,
            },
            "ref": null,
            "rendered": Object {
              "instance": null,
              "key": undefined,
              "nodeType": "class",
              "props": Object {
                "accessible": true,
                "allowFontScaling": true,
                "children": "Registrer",
                "ellipsizeMode": "tail",
              },
              "ref": null,
              "rendered": "Registrer",
              "type": [Function],
            },
            "type": [Function],
          },
          Object {
            "instance": null,
            "key": undefined,
            "nodeType": "class",
            "props": Object {
              "children": <Connect(FuelRefillList) />,
              "contentContainerStyle": Object {
                "backgroundColor": "#002776",
                "flex": 3,
                "justifyContent": "flex-start",
              },
              "virtual": undefined,
            },
            "ref": null,
            "rendered": Object {
              "instance": null,
              "key": undefined,
              "nodeType": "class",
              "props": Object {},
              "ref": null,
              "rendered": null,
              "type": [Function],
            },
            "type": [Function],
          },
        ],
        "type": [Function],
      },
      "type": [Function],
    },
  ],
  Symbol(enzyme.__options__): Object {
    "adapter": ReactSixteenAdapter {
      "options": Object {
        "enableComponentDidUpdateOnSetState": true,
      },
    },
    "context": Object {
      "store": Object {
        "clearActions": [Function],
        "dispatch": [Function],
        "getActions": [Function],
        "getState": [Function],
        "replaceReducer": [Function],
        "subscribe": [Function],
      },
    },
  },
}
`;
