// Jest Snapshot v1, https://goo.gl/fbAQLP

exports[`Testing ProfileButton Renders as expected 1`] = `
ShallowWrapper {
  "length": 1,
  Symbol(enzyme.__root__): [Circular],
  Symbol(enzyme.__unrendered__): <ProfileButton
    profileScreen={[Function]}
  />,
  Symbol(enzyme.__renderer__): Object {
    "batchedUpdates": [Function],
    "getNode": [Function],
    "render": [Function],
    "simulateEvent": [Function],
    "unmount": [Function],
  },
  Symbol(enzyme.__node__): Object {
    "instance": null,
    "key": undefined,
    "nodeType": "class",
    "props": Object {
      "children": <Styled(Button)
        onPress={[Function]}
        virtual={undefined}
      >
        <Styled(Icon)
          color="#fff"
          name="person"
          virtual={undefined}
        />
      </Styled(Button)>,
      "virtual": undefined,
    },
    "ref": null,
    "rendered": Object {
      "instance": null,
      "key": undefined,
      "nodeType": "class",
      "props": Object {
        "children": <Styled(Icon)
          color="#fff"
          name="person"
          virtual={undefined}
        />,
        "onPress": [Function],
        "virtual": undefined,
      },
      "ref": null,
      "rendered": Object {
        "instance": null,
        "key": undefined,
        "nodeType": "class",
        "props": Object {
          "color": "#fff",
          "name": "person",
          "virtual": undefined,
        },
        "ref": null,
        "rendered": null,
        "type": [Function],
      },
      "type": [Function],
    },
    "type": [Function],
  },
  Symbol(enzyme.__nodes__): Array [
    Object {
      "instance": null,
      "key": undefined,
      "nodeType": "class",
      "props": Object {
        "children": <Styled(Button)
          onPress={[Function]}
          virtual={undefined}
        >
          <Styled(Icon)
            color="#fff"
            name="person"
            virtual={undefined}
          />
        </Styled(Button)>,
        "virtual": undefined,
      },
      "ref": null,
      "rendered": Object {
        "instance": null,
        "key": undefined,
        "nodeType": "class",
        "props": Object {
          "children": <Styled(Icon)
            color="#fff"
            name="person"
            virtual={undefined}
          />,
          "onPress": [Function],
          "virtual": undefined,
        },
        "ref": null,
        "rendered": Object {
          "instance": null,
          "key": undefined,
          "nodeType": "class",
          "props": Object {
            "color": "#fff",
            "name": "person",
            "virtual": undefined,
          },
          "ref": null,
          "rendered": null,
          "type": [Function],
        },
        "type": [Function],
      },
      "type": [Function],
    },
  ],
  Symbol(enzyme.__options__): Object {
    "adapter": ReactSixteenAdapter {
      "options": Object {
        "enableComponentDidUpdateOnSetState": true,
      },
    },
    "context": Object {
      "store": Object {
        "clearActions": [Function],
        "dispatch": [Function],
        "getActions": [Function],
        "getState": [Function],
        "replaceReducer": [Function],
        "subscribe": [Function],
      },
    },
  },
}
`;
